<?xml version="1.0" encoding="utf-8"?><testsuites name="pytest tests"><testsuite name="pytest" errors="0" failures="0" skipped="0" tests="2" time="0.683" timestamp="2025-11-28T13:30:42.868243+03:00" hostname="Josiahs-MacBook-Air.local"><testcase classname="tests.integration.test_billing.TestBillingEdgeCases" name="test_create_subscription_invalid_plan" time="0.163" /><testcase classname="tests.integration.test_billing.TestBillingEdgeCases" name="test_update_subscription_no_subscription" time="0.129" /></testsuite></testsuites>